// Jest Snapshot v1, https://goo.gl/fbAQLP

exports[`Component Button renders to a snapshot 1`] = `<button class="button" style="color:#42b983;border-color:#42b983;">!</button>`;
