// Jest Snapshot v1, https://goo.gl/fbAQLP

exports[`Page / renders to a snapshot 1`] = `
<section class="container">
    <img src="~assets/img/logo.png" alt="Nuxt.js Logo" class="logo">
    <h1 class="title">
        USERS
    </h1>
    <ul class="users"></ul>
</section>
`;
